    Finished `test` profile [unoptimized + debuginfo] target(s) in 0.04s
     Running unittests src\lib.rs (target\debug\deps\minicompiler-d1167d8f4ef5f491.exe)

running 14 tests
test lexer::tests::test_comments ... ok
test lexer::tests::test_float_literals ... ok
test lexer::tests::test_delimiters ... ok
test lexer::tests::test_identifiers ... ok
test lexer::tests::test_integer_literals ... ok
test lexer::tests::test_integer_out_of_range ... ok
test lexer::tests::test_invalid_characters ... ok
test lexer::tests::test_long_identifier ... ok
test lexer::tests::test_operators ... ok
test lexer::tests::test_string_literals ... ok
test lexer::tests::test_keywords ... ok
test lexer::tests::test_position_tracking ... ok
test lexer::tests::test_unterminated_comment ... ok
test lexer::tests::test_unterminated_string ... ok

test result: ok. 14 passed; 0 failed; 0 ignored; 0 measured; 0 filtered out; finished in 0.00s

     Running unittests src\main.rs (target\debug\deps\minicompiler-92cba387c6d7967c.exe)

running 0 tests

test result: ok. 0 passed; 0 failed; 0 ignored; 0 measured; 0 filtered out; finished in 0.00s

     Running tests\lexer_tests.rs (target\debug\deps\lexer_tests-96eeee04d90f47a1.exe)

running 3 tests
test test_unused_variants ... ok
test test_all_tokens ... ok
test test_scanner_state_and_methods ... ok

test result: ok. 3 passed; 0 failed; 0 ignored; 0 measured; 0 filtered out; finished in 0.00s

     Running tests\parser_tests.rs (target\debug\deps\parser_tests-832c528b2df89716.exe)

running 4 tests
test test_parse_empty ... ok
test test_parse_binary_expression ... ok
test test_parse_function_decl ... ok
test test_parse_var_decl ... ok

test result: ok. 4 passed; 0 failed; 0 ignored; 0 measured; 0 filtered out; finished in 0.00s

     Running tests\test_runner.rs (target\debug\deps\test_runner-fd2fec28f8de3b56.exe)

running 2 tests
test test_valid_files ... FAILED
test test_invalid_files ... FAILED

failures:

---- test_valid_files stdout ----

thread 'test_valid_files' (3828) panicked at tests\test_runner.rs:29:5:
assertion `left == right` failed: Test failed for file "test_comments.src"

Actual:
2:1 KW_INT "int"
2:5 IDENTIFIER "x"
2:7 ASSIGN "="
2:9 INT_LITERAL "5" 5
2:10 SEMICOLON ";"
6:1 IDENTIFIER "y"
6:3 ASSIGN "="
6:5 INT_LITERAL "10" 10
6:7 SEMICOLON ";"
7:1 END_OF_FILE ""

Expected:
﻿2:1 KW_INT "int"
2:5 IDENTIFIER "x" x
2:7 ASSIGN "="
2:9 INT_LITERAL "5" 5
2:10 SEMICOLON ";"
6:1 IDENTIFIER "y" y
6:3 ASSIGN "="
6:5 INT_LITERAL "10" 10
6:7 SEMICOLON ";"
7:1 END_OF_FILE ""

  left: ["2:1 KW_INT \"int\"", "2:5 IDENTIFIER \"x\"", "2:7 ASSIGN \"=\"", "2:9 INT_LITERAL \"5\" 5", "2:10 SEMICOLON \";\"", "6:1 IDENTIFIER \"y\"", "6:3 ASSIGN \"=\"", "6:5 INT_LITERAL \"10\" 10", "6:7 SEMICOLON \";\"", "7:1 END_OF_FILE \"\""]
 right: ["\u{feff}2:1 KW_INT \"int\"", "2:5 IDENTIFIER \"x\" x", "2:7 ASSIGN \"=\"", "2:9 INT_LITERAL \"5\" 5", "2:10 SEMICOLON \";\"", "6:1 IDENTIFIER \"y\" y", "6:3 ASSIGN \"=\"", "6:5 INT_LITERAL \"10\" 10", "6:7 SEMICOLON \";\"", "7:1 END_OF_FILE \"\""]
note: run with `RUST_BACKTRACE=1` environment variable to display a backtrace

---- test_invalid_files stdout ----

thread 'test_invalid_files' (2100) panicked at tests\test_runner.rs:29:5:
assertion `left == right` failed: Test failed for file "test_invalid_char.src"

Actual:
1:1 KW_INT "int"
1:5 IDENTIFIER "main"
1:9 LPAREN "("
1:10 RPAREN ")"
1:12 LBRACE "{"
2:5 KW_INT "int"
2:9 IDENTIFIER "a"
2:11 ASSIGN "="
2:13 INT_LITERAL "42" 42
2:15 SEMICOLON ";"
3:5 ERROR "invalid character: '$'"
3:6 IDENTIFIER "invalid_var"
3:18 ASSIGN "="
3:20 INT_LITERAL "10" 10
3:22 SEMICOLON ";"
4:5 ERROR "invalid character: '@'"
4:6 IDENTIFIER "another"
4:14 ASSIGN "="
4:16 IDENTIFIER "a"
4:18 PLUS "+"
4:20 INT_LITERAL "5" 5
4:21 SEMICOLON ";"
5:5 KW_RETURN "return"
5:12 IDENTIFIER "a"
5:13 SEMICOLON ";"
6:1 RBRACE "}"
7:1 END_OF_FILE ""

Expected:
1:1 KW_INT "int"
1:5 IDENTIFIER "main" main
1:9 LPAREN "("
1:10 RPAREN ")"
1:12 LBRACE "{"
2:5 KW_INT "int"
2:9 IDENTIFIER "a" a
2:11 ASSIGN "="
2:13 INT_LITERAL "42" 42
2:15 SEMICOLON ";"
3:5 ERROR "$" Недопустимый символ '$'
3:6 IDENTIFIER "invalid_var" invalid_var
3:18 ASSIGN "="
3:20 INT_LITERAL "10" 10
3:22 SEMICOLON ";"
4:5 ERROR "@" Недопустимый символ '@'
4:6 IDENTIFIER "another" another
4:14 ASSIGN "="
4:16 IDENTIFIER "a" a
4:18 PLUS "+"
4:20 INT_LITERAL "5" 5
4:21 SEMICOLON ";"
5:5 KW_RETURN "return"
5:12 IDENTIFIER "a" a
5:13 SEMICOLON ";"
6:1 RBRACE "}"
7:1 END_OF_FILE ""

  left: ["1:1 KW_INT \"int\"", "1:5 IDENTIFIER \"main\"", "1:9 LPAREN \"(\"", "1:10 RPAREN \")\"", "1:12 LBRACE \"{\"", "2:5 KW_INT \"int\"", "2:9 IDENTIFIER \"a\"", "2:11 ASSIGN \"=\"", "2:13 INT_LITERAL \"42\" 42", "2:15 SEMICOLON \";\"", "3:5 ERROR \"invalid character: '$'\"", "3:6 IDENTIFIER \"invalid_var\"", "3:18 ASSIGN \"=\"", "3:20 INT_LITERAL \"10\" 10", "3:22 SEMICOLON \";\"", "4:5 ERROR \"invalid character: '@'\"", "4:6 IDENTIFIER \"another\"", "4:14 ASSIGN \"=\"", "4:16 IDENTIFIER \"a\"", "4:18 PLUS \"+\"", "4:20 INT_LITERAL \"5\" 5", "4:21 SEMICOLON \";\"", "5:5 KW_RETURN \"return\"", "5:12 IDENTIFIER \"a\"", "5:13 SEMICOLON \";\"", "6:1 RBRACE \"}\"", "7:1 END_OF_FILE \"\""]
 right: ["1:1 KW_INT \"int\"", "1:5 IDENTIFIER \"main\" main", "1:9 LPAREN \"(\"", "1:10 RPAREN \")\"", "1:12 LBRACE \"{\"", "2:5 KW_INT \"int\"", "2:9 IDENTIFIER \"a\" a", "2:11 ASSIGN \"=\"", "2:13 INT_LITERAL \"42\" 42", "2:15 SEMICOLON \";\"", "3:5 ERROR \"$\" Недопустимый символ '$'", "3:6 IDENTIFIER \"invalid_var\" invalid_var", "3:18 ASSIGN \"=\"", "3:20 INT_LITERAL \"10\" 10", "3:22 SEMICOLON \";\"", "4:5 ERROR \"@\" Недопустимый символ '@'", "4:6 IDENTIFIER \"another\" another", "4:14 ASSIGN \"=\"", "4:16 IDENTIFIER \"a\" a", "4:18 PLUS \"+\"", "4:20 INT_LITERAL \"5\" 5", "4:21 SEMICOLON \";\"", "5:5 KW_RETURN \"return\"", "5:12 IDENTIFIER \"a\" a", "5:13 SEMICOLON \";\"", "6:1 RBRACE \"}\"", "7:1 END_OF_FILE \"\""]


failures:
    test_invalid_files
    test_valid_files

test result: FAILED. 0 passed; 2 failed; 0 ignored; 0 measured; 0 filtered out; finished in 0.00s

error: test failed, to rerun pass `--test test_runner`
